// Jest Snapshot v1, https://goo.gl/fbAQLP

exports[`<PlayPauseButton /> should match snapshot 1`] = `
<button
  className="pp-ui pp-ui-button  pp-ui-enabled pp-ui-playpause-toggle pp-ui-playpause-toggle-play "
  data-testid="pp-ui-playpause-toggle"
  onClick={[Function]}
  tabIndex={0}
  type="button"
>
  <i
    className="pp-ui pp-ui-icon"
  />
</button>
`;
